{
	"name": "SingleJob",
	"jobs": [
		{
			"name": "date",
			"image": "library://alpine:latest",
			"command": [
				"date"
			],
			"requires": null
		}
	]
}