{
	"name": "Volumes",
	"jobs": [
		{
			"name": "date",
			"image": "library://alpine:latest",
			"command": [
				"date",
				"\u003e",
				"/data/time"
			],
			"requires": null,
			"volumes": [
				{
					"name": "v1",
					"location": "/data"
				}
			]
		},
		{
			"name": "hello",
			"image": "library://alpine:latest",
			"command": [
				"echo",
				"-n",
				"Hello, world, the time is $(cat /share/time)"
			],
			"requires": [
				"date"
			],
			"volumes": [
				{
					"name": "v1",
					"location": "/share"
				}
			]
		}
	],
	"volumes": [
		{
			"name": "v1",
			"type": "ephemeral"
		}
	]
}